[env] device=cuda  torch=2.8.0+cu128
GATE-SELECTION CONFIG (pre-registered before evaluation):
  grid Gamma^(0) = [0.0, 0.0001, 0.0003, 0.001, 0.003, 0.01, 0.03, 0.1, 0.2, 0.5, 1.0]
  eps_KL=0.05  eps_rep=0.05  eps_eff=0.1
  lambda: L=1.0 KL=0.1 rep=0.05 eff=0.05 gamma=0.01
  omega (C_eff): F=0.25 T=0.25 M=0.25 P=0.25   refinement Q=8

[model] EleutherAI/pythia-1.4b@step2000: n_layer=24, d_model=2048, d_ff=8192, dtype=torch.float32, params=1414.6M
[data] pile: 2,000,000 tokens from 10000 docs (shuffled, seed 123)

[base] SELECTION loss = 2.910943 nats/token (SE 0.040108)

--- Stage A: position screen (gamma=1, tau=0.5) ---
pos  0 (F_1,F_2): dL = +0.125974 CI95=[+0.120508,+0.131133] (22s)
pos  1 (F_2,F_3): dL = +0.038417 CI95=[+0.036236,+0.040546] (20s)
pos  2 (F_3,F_4): dL = +0.084029 CI95=[+0.079940,+0.087993] (18s)
pos  3 (F_4,F_5): dL = +0.062964 CI95=[+0.059052,+0.067587] (18s)
pos  4 (F_5,F_6): dL = +0.026224 CI95=[+0.024982,+0.027422] (20s)
pos  5 (F_6,F_7): dL = +0.036404 CI95=[+0.034232,+0.038546] (18s)
pos  6 (F_7,F_8): dL = +0.032646 CI95=[+0.030740,+0.034447] (18s)
pos  7 (F_8,F_9): dL = +0.036152 CI95=[+0.033844,+0.038207] (18s)
pos  8 (F_9,F_10): dL = +0.017296 CI95=[+0.016071,+0.018351] (19s)
pos  9 (F_10,F_11): dL = +0.017403 CI95=[+0.016205,+0.018627] (19s)
pos 10 (F_11,F_12): dL = +0.016772 CI95=[+0.015376,+0.018123] (17s)
pos 11 (F_12,F_13): dL = +0.011983 CI95=[+0.011059,+0.012868] (18s)
pos 12 (F_13,F_14): dL = +0.009168 CI95=[+0.008482,+0.009891] (18s)
pos 13 (F_14,F_15): dL = +0.009067 CI95=[+0.008393,+0.009752] (19s)
pos 14 (F_15,F_16): dL = +0.008618 CI95=[+0.008038,+0.009208] (18s)
pos 15 (F_16,F_17): dL = +0.007868 CI95=[+0.007378,+0.008381] (18s)
pos 16 (F_17,F_18): dL = +0.007599 CI95=[+0.007008,+0.008227] (18s)
pos 17 (F_18,F_19): dL = +0.006649 CI95=[+0.005841,+0.007447] (19s)
pos 18 (F_19,F_20): dL = +0.006533 CI95=[+0.005884,+0.007245] (19s)
pos 19 (F_20,F_21): dL = +0.007708 CI95=[+0.006947,+0.008443] (19s)
pos 20 (F_21,F_22): dL = +0.009348 CI95=[+0.008348,+0.010282] (19s)
pos 21 (F_22,F_23): dL = +0.016262 CI95=[+0.014908,+0.017612] (19s)
pos 22 (F_23,F_24): dL = +0.037355 CI95=[+0.035573,+0.039140] (19s)

Top-2 positions: [18, 17]

--- Stage B: full gate selection at top positions ---
  position 18:
    D_rep(1) = 0.02657   C_eff = 0.03703 (flops 0.0384, lat 0.0385, par 0.0356)
    g=0        dL=+0.000e+00 KL=0.00e+00 Drep=0.00e+00 J=+0.000e+00 feas  <-- coarse best
    g=0.0001   dL=-3.815e-08 KL=-1.54e-10 Drep=2.66e-10 J=+1.851e-02 feas
    g=0.0003   dL=-1.812e-07 KL=9.08e-10 Drep=2.39e-09 J=+1.851e-02 feas
    g=0.001    dL=-6.008e-07 KL=1.16e-08 Drep=2.66e-08 J=+1.851e-02 feas
    g=0.003    dL=-1.822e-06 KL=1.05e-07 Drep=2.39e-07 J=+1.851e-02 feas
    g=0.01     dL=-5.608e-06 KL=1.17e-06 Drep=2.66e-06 J=+1.852e-02 feas
    g=0.03     dL=-1.268e-05 KL=1.05e-05 Drep=2.39e-05 J=+1.856e-02 feas
    g=0.1      dL=+2.947e-06 KL=1.15e-04 Drep=2.66e-04 J=+1.911e-02 INFEAS
    g=0.2      dL=+1.361e-04 KL=4.39e-04 Drep=1.06e-03 J=+2.090e-02 INFEAS
    g=0.5      dL=+1.423e-03 KL=2.40e-03 Drep=6.64e-03 J=+3.294e-02 INFEAS
    g=1        dL=+6.533e-03 KL=8.32e-03 Drep=2.66e-02 J=+7.397e-02 INFEAS
  position 17:
    D_rep(1) = 0.02147   C_eff = 0.03703 (flops 0.0384, lat 0.0385, par 0.0356)
    g=0        dL=+0.000e+00 KL=0.00e+00 Drep=0.00e+00 J=+0.000e+00 feas  <-- coarse best
    g=0.0001   dL=-8.583e-08 KL=6.49e-11 Drep=2.15e-10 J=+1.851e-02 feas
    g=0.0003   dL=-1.717e-07 KL=1.31e-09 Drep=1.93e-09 J=+1.851e-02 feas
    g=0.001    dL=-6.294e-07 KL=1.19e-08 Drep=2.15e-08 J=+1.851e-02 feas
    g=0.003    dL=-1.850e-06 KL=1.08e-07 Drep=1.93e-07 J=+1.851e-02 feas
    g=0.01     dL=-5.970e-06 KL=1.19e-06 Drep=2.15e-06 J=+1.852e-02 feas
    g=0.03     dL=-1.427e-05 KL=1.07e-05 Drep=1.93e-05 J=+1.856e-02 feas
    g=0.1      dL=-3.624e-07 KL=1.15e-04 Drep=2.15e-04 J=+1.906e-02 feas
    g=0.2      dL=+1.453e-04 KL=4.35e-04 Drep=8.59e-04 J=+2.069e-02 INFEAS
    g=0.5      dL=+1.504e-03 KL=2.29e-03 Drep=5.37e-03 J=+3.148e-02 INFEAS
    g=1        dL=+6.649e-03 KL=7.83e-03 Drep=2.15e-02 J=+6.792e-02 INFEAS

SELECTED (selection set only): position=18, gamma=0.0, tau=0.5  J=+0.0000e+00  dL=+0.0000e+00

--- Baselines at position 18, gamma=1.0 ---
  naive_average   dL = +6.343670e-03  CI95=(0.005707392692565918, 0.007043299198150634)
  duplicate       dL = +6.784801e-03  CI95=(0.006150382041931152, 0.007439294576644897)
  matching: identity 1.0588 vs optimal 0.9729 (8.1% red., 4096/4096 re-matched)

Saved /home/georgaki/pythia_code/results/p14b-step2000.json and /home/georgaki/pythia_code/results/p14b-step2000.json.layer.pt. Confirmation pool untouched. Total 800s.
✓ Completed for revision: step2000
