[env] device=cuda  torch=2.8.0+cu128
GATE-SELECTION CONFIG (pre-registered before evaluation):
  grid Gamma^(0) = [0.0, 0.0001, 0.0003, 0.001, 0.003, 0.01, 0.03, 0.1, 0.2, 0.5, 1.0]
  eps_KL=0.05  eps_rep=0.05  eps_eff=0.1
  lambda: L=1.0 KL=0.1 rep=0.05 eff=0.05 gamma=0.01
  omega (C_eff): F=0.25 T=0.25 M=0.25 P=0.25   refinement Q=8

[model] EleutherAI/pythia-1.4b@step64000: n_layer=24, d_model=2048, d_ff=8192, dtype=torch.float32, params=1414.6M
[data] pile: 2,000,000 tokens from 10000 docs (shuffled, seed 123)

[base] SELECTION loss = 2.135507 nats/token (SE 0.032305)

--- Stage A: position screen (gamma=1, tau=0.5) ---
pos  0 (F_1,F_2): dL = +0.213051 CI95=[+0.202201,+0.224099] (27s)
pos  1 (F_2,F_3): dL = +0.015202 CI95=[+0.013932,+0.016516] (27s)
pos  2 (F_3,F_4): dL = +0.035906 CI95=[+0.033599,+0.038357] (27s)
pos  3 (F_4,F_5): dL = +0.044438 CI95=[+0.041771,+0.047084] (27s)
pos  4 (F_5,F_6): dL = +0.030583 CI95=[+0.028901,+0.032196] (27s)
pos  5 (F_6,F_7): dL = +0.051712 CI95=[+0.048972,+0.054503] (27s)
pos  6 (F_7,F_8): dL = +0.060539 CI95=[+0.057451,+0.063830] (27s)
pos  7 (F_8,F_9): dL = +0.041429 CI95=[+0.039525,+0.043336] (27s)
pos  8 (F_9,F_10): dL = +0.029022 CI95=[+0.027448,+0.030436] (27s)
pos  9 (F_10,F_11): dL = +0.025966 CI95=[+0.024413,+0.027480] (27s)
pos 10 (F_11,F_12): dL = +0.027366 CI95=[+0.025674,+0.028938] (27s)
pos 11 (F_12,F_13): dL = +0.023961 CI95=[+0.022363,+0.025513] (27s)
pos 12 (F_13,F_14): dL = +0.017405 CI95=[+0.016476,+0.018265] (27s)
pos 13 (F_14,F_15): dL = +0.013666 CI95=[+0.012742,+0.014633] (27s)
pos 14 (F_15,F_16): dL = +0.017250 CI95=[+0.016121,+0.018360] (27s)
pos 15 (F_16,F_17): dL = +0.017508 CI95=[+0.016248,+0.018688] (27s)
pos 16 (F_17,F_18): dL = +0.017807 CI95=[+0.016511,+0.019067] (27s)
pos 17 (F_18,F_19): dL = +0.012468 CI95=[+0.011432,+0.013496] (27s)
pos 18 (F_19,F_20): dL = +0.015064 CI95=[+0.014015,+0.016104] (27s)
pos 19 (F_20,F_21): dL = +0.014689 CI95=[+0.013652,+0.015737] (27s)
pos 20 (F_21,F_22): dL = +0.016546 CI95=[+0.015407,+0.017630] (27s)
pos 21 (F_22,F_23): dL = +0.024843 CI95=[+0.023495,+0.026202] (27s)
pos 22 (F_23,F_24): dL = +0.081159 CI95=[+0.077435,+0.085154] (27s)

Top-2 positions: [17, 13]

--- Stage B: full gate selection at top positions ---
  position 17:
    D_rep(1) = 0.00896   C_eff = 0.03709 (flops 0.0384, lat 0.0388, par 0.0356)
    g=0        dL=+0.000e+00 KL=0.00e+00 Drep=0.00e+00 J=+0.000e+00 feas  <-- coarse best
    g=0.0001   dL=-1.144e-07 KL=5.48e-10 Drep=8.96e-11 J=+1.855e-02 feas
    g=0.0003   dL=-1.764e-07 KL=1.49e-09 Drep=8.06e-10 J=+1.855e-02 feas
    g=0.001    dL=-6.294e-07 KL=1.49e-08 Drep=8.96e-09 J=+1.855e-02 feas
    g=0.003    dL=-1.678e-06 KL=1.33e-07 Drep=8.06e-08 J=+1.855e-02 feas
    g=0.01     dL=-4.530e-06 KL=1.47e-06 Drep=8.96e-07 J=+1.855e-02 feas
    g=0.03     dL=-5.040e-06 KL=1.33e-05 Drep=8.06e-06 J=+1.859e-02 feas
    g=0.1      dL=+8.282e-05 KL=1.47e-04 Drep=8.96e-05 J=+1.907e-02 INFEAS
    g=0.2      dL=+4.428e-04 KL=5.88e-04 Drep=3.58e-04 J=+2.069e-02 INFEAS
    g=0.5      dL=+3.044e-03 KL=3.64e-03 Drep=2.24e-03 J=+3.199e-02 INFEAS
    g=1        dL=+1.247e-02 KL=1.42e-02 Drep=8.96e-03 J=+7.169e-02 INFEAS
  position 13:
    D_rep(1) = 0.02224   C_eff = 0.03708 (flops 0.0384, lat 0.0388, par 0.0356)
    g=0        dL=+0.000e+00 KL=0.00e+00 Drep=0.00e+00 J=+0.000e+00 feas  <-- coarse best
    g=0.0001   dL=-2.384e-07 KL=2.02e-10 Drep=2.22e-10 J=+1.854e-02 feas
    g=0.0003   dL=-6.247e-07 KL=2.04e-09 Drep=2.00e-09 J=+1.854e-02 feas
    g=0.001    dL=-2.012e-06 KL=1.98e-08 Drep=2.22e-08 J=+1.854e-02 feas
    g=0.003    dL=-5.875e-06 KL=1.76e-07 Drep=2.00e-07 J=+1.854e-02 feas
    g=0.01     dL=-1.821e-05 KL=1.95e-06 Drep=2.22e-06 J=+1.854e-02 feas
    g=0.03     dL=-4.260e-05 KL=1.75e-05 Drep=2.00e-05 J=+1.859e-02 feas
    g=0.1      dL=-8.297e-06 KL=1.92e-04 Drep=2.22e-04 J=+1.924e-02 feas
    g=0.2      dL=+3.433e-04 KL=7.51e-04 Drep=8.90e-04 J=+2.150e-02 INFEAS
    g=0.5      dL=+3.342e-03 KL=4.36e-03 Drep=5.56e-03 J=+3.688e-02 INFEAS
    g=1        dL=+1.367e-02 KL=1.57e-02 Drep=2.22e-02 J=+8.853e-02 INFEAS

SELECTED (selection set only): position=17, gamma=0.0, tau=0.5  J=+0.0000e+00  dL=+0.0000e+00

--- Baselines at position 17, gamma=1.0 ---
  naive_average   dL = +1.227774e-02  CI95=(0.01119375514984131, 0.013326576471328734)
  duplicate       dL = +3.714086e-02  CI95=(0.034920868515968324, 0.03921053516864777)
  matching: identity 5.9619 vs optimal 5.5122 (7.5% red., 4096/4096 re-matched)

Saved /home/georgaki/pythia_code/results/p14b-step64000.json and /home/georgaki/pythia_code/results/p14b-step64000.json.layer.pt. Confirmation pool untouched. Total 982s.
✓ Completed for revision: step64000
