[env] device=cuda  torch=2.8.0+cu128
GATE-SELECTION CONFIG (pre-registered before evaluation):
  grid Gamma^(0) = [0.0, 0.0001, 0.0003, 0.001, 0.003, 0.01, 0.03, 0.1, 0.2, 0.5, 1.0]
  eps_KL=0.05  eps_rep=0.05  eps_eff=0.1
  lambda: L=1.0 KL=0.1 rep=0.05 eff=0.05 gamma=0.01
  omega (C_eff): F=0.25 T=0.25 M=0.25 P=0.25   refinement Q=8

[model] EleutherAI/pythia-1.4b@step1000: n_layer=24, d_model=2048, d_ff=8192, dtype=torch.float32, params=1414.6M
[data] pile: 2,000,000 tokens from 10000 docs (shuffled, seed 123)

[base] SELECTION loss = 3.504300 nats/token (SE 0.048997)

--- Stage A: position screen (gamma=1, tau=0.5) ---
pos  0 (F_1,F_2): dL = +0.086767 CI95=[+0.083646,+0.089921] (18s)
pos  1 (F_2,F_3): dL = +0.036471 CI95=[+0.035052,+0.037821] (17s)
pos  2 (F_3,F_4): dL = +0.054315 CI95=[+0.051933,+0.056736] (17s)
pos  3 (F_4,F_5): dL = +0.034775 CI95=[+0.032367,+0.037285] (18s)
pos  4 (F_5,F_6): dL = +0.014641 CI95=[+0.013747,+0.015552] (18s)
pos  5 (F_6,F_7): dL = +0.014996 CI95=[+0.013638,+0.016340] (19s)
pos  6 (F_7,F_8): dL = +0.012452 CI95=[+0.011547,+0.013339] (18s)
pos  7 (F_8,F_9): dL = +0.011879 CI95=[+0.010948,+0.012715] (17s)
pos  8 (F_9,F_10): dL = +0.008777 CI95=[+0.008180,+0.009461] (17s)
pos  9 (F_10,F_11): dL = +0.016510 CI95=[+0.015405,+0.017653] (18s)
pos 10 (F_11,F_12): dL = +0.008549 CI95=[+0.007915,+0.009192] (17s)
pos 11 (F_12,F_13): dL = +0.006146 CI95=[+0.005579,+0.006707] (18s)
pos 12 (F_13,F_14): dL = +0.004979 CI95=[+0.004426,+0.005526] (17s)
pos 13 (F_14,F_15): dL = +0.003831 CI95=[+0.003385,+0.004295] (17s)
pos 14 (F_15,F_16): dL = +0.003275 CI95=[+0.002849,+0.003703] (22s)
pos 15 (F_16,F_17): dL = +0.003053 CI95=[+0.002687,+0.003430] (17s)
pos 16 (F_17,F_18): dL = +0.002554 CI95=[+0.002162,+0.002961] (17s)
pos 17 (F_18,F_19): dL = +0.002115 CI95=[+0.001672,+0.002577] (17s)
pos 18 (F_19,F_20): dL = +0.002248 CI95=[+0.001791,+0.002715] (18s)
pos 19 (F_20,F_21): dL = +0.002049 CI95=[+0.001593,+0.002507] (18s)
pos 20 (F_21,F_22): dL = +0.002495 CI95=[+0.001992,+0.002976] (17s)
pos 21 (F_22,F_23): dL = +0.004024 CI95=[+0.003519,+0.004520] (17s)
pos 22 (F_23,F_24): dL = +0.019030 CI95=[+0.017979,+0.020102] (17s)

Top-2 positions: [19, 17]

--- Stage B: full gate selection at top positions ---
  position 19:
    D_rep(1) = 0.00515   C_eff = 0.03706 (flops 0.0384, lat 0.0387, par 0.0356)
    g=0        dL=+0.000e+00 KL=0.00e+00 Drep=0.00e+00 J=+0.000e+00 feas  <-- coarse best
    g=0.0001   dL=+6.676e-08 KL=6.27e-10 Drep=5.15e-11 J=+1.853e-02 INFEAS
    g=0.0003   dL=+4.768e-08 KL=8.41e-10 Drep=4.63e-10 J=+1.853e-02 INFEAS
    g=0.001    dL=-4.768e-08 KL=2.60e-09 Drep=5.15e-09 J=+1.853e-02 feas
    g=0.003    dL=-2.289e-07 KL=1.87e-08 Drep=4.63e-08 J=+1.853e-02 feas
    g=0.01     dL=-7.343e-07 KL=2.01e-07 Drep=5.15e-07 J=+1.853e-02 feas
    g=0.03     dL=-1.097e-06 KL=1.81e-06 Drep=4.63e-06 J=+1.855e-02 feas
    g=0.1      dL=+1.173e-05 KL=2.01e-05 Drep=5.15e-05 J=+1.873e-02 INFEAS
    g=0.2      dL=+6.710e-05 KL=8.02e-05 Drep=2.06e-04 J=+1.932e-02 INFEAS
    g=0.5      dL=+4.921e-04 KL=4.99e-04 Drep=1.29e-03 J=+2.346e-02 INFEAS
    g=1        dL=+2.049e-03 KL=1.98e-03 Drep=5.15e-03 J=+3.822e-02 INFEAS
  position 17:
    D_rep(1) = 0.00577   C_eff = 0.03710 (flops 0.0384, lat 0.0388, par 0.0356)
    g=0        dL=+0.000e+00 KL=0.00e+00 Drep=0.00e+00 J=+0.000e+00 feas  <-- coarse best
    g=0.0001   dL=+1.049e-07 KL=4.91e-10 Drep=5.77e-11 J=+1.855e-02 INFEAS
    g=0.0003   dL=+1.049e-07 KL=5.17e-10 Drep=5.19e-10 J=+1.855e-02 INFEAS
    g=0.001    dL=+4.005e-07 KL=2.08e-09 Drep=5.77e-09 J=+1.855e-02 INFEAS
    g=0.003    dL=+1.068e-06 KL=1.56e-08 Drep=5.19e-08 J=+1.855e-02 INFEAS
    g=0.01     dL=+3.443e-06 KL=1.66e-07 Drep=5.77e-07 J=+1.855e-02 INFEAS
    g=0.03     dL=+1.135e-05 KL=1.49e-06 Drep=5.19e-06 J=+1.857e-02 INFEAS
    g=0.1      dL=+5.065e-05 KL=1.65e-05 Drep=5.77e-05 J=+1.875e-02 INFEAS
    g=0.2      dL=+1.381e-04 KL=6.57e-05 Drep=2.31e-04 J=+1.935e-02 INFEAS
    g=0.5      dL=+6.174e-04 KL=4.06e-04 Drep=1.44e-03 J=+2.348e-02 INFEAS
    g=1        dL=+2.115e-03 KL=1.60e-03 Drep=5.77e-03 J=+3.811e-02 INFEAS

SELECTED (selection set only): position=19, gamma=0.0, tau=0.5  J=+0.0000e+00  dL=+0.0000e+00

--- Baselines at position 19, gamma=1.0 ---
  naive_average   dL = +2.030315e-03  CI95=(0.0015807065963745117, 0.002483141660690308)
  duplicate       dL = +6.957550e-03  CI95=(0.006318421840667725, 0.007569916248321533)
  matching: identity 0.8443 vs optimal 0.7794 (7.7% red., 4095/4096 re-matched)

Saved /home/georgaki/pythia_code/results/p14b-step1000.json and /home/georgaki/pythia_code/results/p14b-step1000.json.layer.pt. Confirmation pool untouched. Total 764s.
✓ Completed for revision: step1000
