== model: EleutherAI/pythia-410m  dataset: pile  node: kh083  job: 4082872 ==
NVIDIA H100, 95830 MiB
torch 2.8.0+cu128 | transformers 4.57.6 | cuda True
########## STAGE 1: SELECTION ##########
`torch_dtype` is deprecated! Use `dtype` instead!
`trust_remote_code` is not supported anymore.
Please check that the Hugging Face dataset 'NeelNanda/pile-10k' isn't based on a loading script and remove `trust_remote_code`.
If the dataset is based on a loading script, please ask the dataset author to remove it and convert it to a standard format like Parquet.
[env] device=cuda  torch=2.8.0+cu128
GATE-SELECTION CONFIG (pre-registered before evaluation):
  grid Gamma^(0) = [0.0, 0.0001, 0.0003, 0.001, 0.003, 0.01, 0.03, 0.1, 0.2, 0.5, 1.0]
  eps_KL=0.05  eps_rep=0.05  eps_eff=0.1
  lambda: L=1.0 KL=0.1 rep=0.05 eff=0.05 gamma=0.01
  omega (C_eff): F=0.25 T=0.25 M=0.25 P=0.25   refinement Q=8

[model] EleutherAI/pythia-410m: n_layer=24, d_model=1024, d_ff=4096, dtype=torch.float32, params=405.3M
[data] pile: 2,000,000 tokens from 10000 docs (shuffled, seed 123)

[base] SELECTION loss = 2.259936 nats/token (SE 0.033905)

--- Stage A: position screen (gamma=1, tau=0.5) ---
pos  0 (F_1,F_2): dL = +0.142289 CI95=[+0.133180,+0.152545] (8s)
pos  1 (F_2,F_3): dL = +0.048406 CI95=[+0.043662,+0.053977] (8s)
pos  2 (F_3,F_4): dL = +0.037414 CI95=[+0.034208,+0.041345] (8s)
pos  3 (F_4,F_5): dL = +0.037182 CI95=[+0.034488,+0.040085] (8s)
pos  4 (F_5,F_6): dL = +0.064426 CI95=[+0.060906,+0.067817] (8s)
pos  5 (F_6,F_7): dL = +0.160718 CI95=[+0.152311,+0.169534] (8s)
pos  6 (F_7,F_8): dL = +0.191560 CI95=[+0.184004,+0.199460] (8s)
pos  7 (F_8,F_9): dL = +0.095545 CI95=[+0.090745,+0.100914] (8s)
pos  8 (F_9,F_10): dL = +0.059275 CI95=[+0.056508,+0.062180] (8s)
pos  9 (F_10,F_11): dL = +0.073387 CI95=[+0.070091,+0.076549] (8s)
pos 10 (F_11,F_12): dL = +0.060475 CI95=[+0.057537,+0.063706] (8s)
pos 11 (F_12,F_13): dL = +0.035263 CI95=[+0.033310,+0.037407] (8s)
pos 12 (F_13,F_14): dL = +0.038630 CI95=[+0.036870,+0.040386] (6s)
pos 13 (F_14,F_15): dL = +0.042631 CI95=[+0.040290,+0.045322] (6s)
pos 14 (F_15,F_16): dL = +0.040551 CI95=[+0.038208,+0.042902] (8s)
pos 15 (F_16,F_17): dL = +0.061006 CI95=[+0.057871,+0.064269] (8s)
pos 16 (F_17,F_18): dL = +0.082639 CI95=[+0.078711,+0.086847] (8s)
pos 17 (F_18,F_19): dL = +0.072019 CI95=[+0.069007,+0.074939] (7s)
pos 18 (F_19,F_20): dL = +0.075661 CI95=[+0.071231,+0.080153] (7s)
pos 19 (F_20,F_21): dL = +0.084183 CI95=[+0.080747,+0.087484] (8s)
pos 20 (F_21,F_22): dL = +0.079880 CI95=[+0.075870,+0.083937] (7s)
pos 21 (F_22,F_23): dL = +0.060252 CI95=[+0.058142,+0.062503] (7s)
pos 22 (F_23,F_24): dL = +0.172549 CI95=[+0.166786,+0.178424] (8s)

Top-2 positions: [11, 3]

--- Stage B: full gate selection at top positions ---
  position 11:
    D_rep(1) = 0.01257   C_eff = 0.03345 (flops 0.0356, lat 0.0360, par 0.0311)
    g=0        dL=+0.000e+00 KL=0.00e+00 Drep=0.00e+00 J=+0.000e+00 feas  <-- coarse best
    g=0.0001   dL=+1.621e-07 KL=2.10e-09 Drep=1.26e-10 J=+1.672e-02 INFEAS
    g=0.0003   dL=+2.480e-07 KL=4.69e-09 Drep=1.13e-09 J=+1.672e-02 INFEAS
    g=0.001    dL=+1.097e-06 KL=3.50e-08 Drep=1.26e-08 J=+1.672e-02 INFEAS
    g=0.003    dL=+3.481e-06 KL=3.03e-07 Drep=1.13e-07 J=+1.673e-02 INFEAS
    g=0.01     dL=+1.274e-05 KL=3.35e-06 Drep=1.26e-06 J=+1.674e-02 INFEAS
    g=0.03     dL=+5.754e-05 KL=3.01e-05 Drep=1.13e-05 J=+1.683e-02 INFEAS
    g=0.1      dL=+4.170e-04 KL=3.35e-04 Drep=1.26e-04 J=+1.780e-02 INFEAS
    g=0.2      dL=+1.479e-03 KL=1.34e-03 Drep=5.03e-04 J=+2.096e-02 INFEAS
    g=0.5      dL=+8.646e-03 KL=8.49e-03 Drep=3.14e-03 J=+4.317e-02 INFEAS
    g=1        dL=+3.526e-02 KL=3.55e-02 Drep=1.26e-02 J=+1.258e-01 INFEAS
  position 3:
    D_rep(1) = 0.07005   C_eff = 0.03332 (flops 0.0356, lat 0.0355, par 0.0311)
    g=0        dL=+0.000e+00 KL=0.00e+00 Drep=0.00e+00 J=+0.000e+00 feas  <-- coarse best
    g=0.0001   dL=-2.480e-07 KL=1.89e-09 Drep=7.00e-10 J=+1.666e-02 feas
    g=0.0003   dL=-5.245e-07 KL=4.89e-09 Drep=6.30e-09 J=+1.666e-02 feas
    g=0.001    dL=-1.545e-06 KL=4.04e-08 Drep=7.00e-08 J=+1.666e-02 feas
    g=0.003    dL=-4.749e-06 KL=3.48e-07 Drep=6.30e-07 J=+1.666e-02 feas
    g=0.01     dL=-1.273e-05 KL=3.85e-06 Drep=7.00e-06 J=+1.667e-02 feas
    g=0.03     dL=-1.661e-05 KL=3.45e-05 Drep=6.30e-05 J=+1.679e-02 feas
    g=0.1      dL=+1.975e-04 KL=3.81e-04 Drep=7.00e-04 J=+1.831e-02 INFEAS
    g=0.2      dL=+1.117e-03 KL=1.51e-03 Drep=2.80e-03 J=+2.338e-02 INFEAS
    g=0.5      dL=+8.301e-03 KL=9.45e-03 Drep=1.75e-02 J=+5.924e-02 INFEAS
    g=1        dL=+3.718e-02 KL=3.99e-02 Drep=7.00e-02 J=+1.930e-01 INFEAS

SELECTED (selection set only): position=11, gamma=0.0, tau=0.5  J=+0.0000e+00  dL=+0.0000e+00

--- Baselines at position 11, gamma=1.0 ---
  naive_average   dL = +3.547911e-02  CI95=(0.03351882338523865, 0.03761418461799621)
  duplicate       dL = +5.009307e-02  CI95=(0.04700369167327881, 0.05339750051498413)
  matching: identity 1.7869 vs optimal 1.5809 (11.5% red., 4095/4096 re-matched)

Saved results/sel_pythia-410m_pile.json and results/sel_pythia-410m_pile.json.layer.pt. Confirmation pool untouched. Total 307s.
########## STAGE 2: CONFIRMATION ##########
Loaded selection: EleutherAI/pythia-410m  position=11  gamma=0.0  tau=0.5  (J=+0.000e+00)

Selection already returned gamma* = 0: no feasible gamma > 0 beat doing nothing on the selection set. Original model retained exactly; nothing to confirm.
== finished: ven 14 aoû 2026 14:27:57 CEST ==
