`torch_dtype` is deprecated! Use `dtype` instead!
gpt2-large blocks=36 L0_sel=3.033674 pool=/home/georgaki/ot_depth_runs/pools/pool_A.jsonl sha256=3f0e3eb913846bce
exact recovery at gamma=0: True (max|dlogit|=0)
  pos  0 (F1,F2): gamma*=0       dL=+0.0000e+00  CI=[+0.000e+00,+0.000e+00]
  pos  1 (F2,F3): gamma*=0       dL=+0.0000e+00  CI=[+0.000e+00,+0.000e+00]
  pos  2 (F3,F4): gamma*=0       dL=+0.0000e+00  CI=[+0.000e+00,+0.000e+00]
  pos  3 (F4,F5): gamma*=0       dL=+0.0000e+00  CI=[+0.000e+00,+0.000e+00]
  pos  4 (F5,F6): gamma*=0       dL=+0.0000e+00  CI=[+0.000e+00,+0.000e+00]
  pos  5 (F6,F7): gamma*=0       dL=+0.0000e+00  CI=[+0.000e+00,+0.000e+00]
  pos  6 (F7,F8): gamma*=0       dL=+0.0000e+00  CI=[+0.000e+00,+0.000e+00]
  pos  7 (F8,F9): gamma*=0       dL=+0.0000e+00  CI=[+0.000e+00,+0.000e+00]
  pos  8 (F9,F10): gamma*=0       dL=+0.0000e+00  CI=[+0.000e+00,+0.000e+00]
  pos  9 (F10,F11): gamma*=0       dL=+0.0000e+00  CI=[+0.000e+00,+0.000e+00]
  pos 10 (F11,F12): gamma*=0       dL=+0.0000e+00  CI=[+0.000e+00,+0.000e+00]
  pos 11 (F12,F13): gamma*=0       dL=+0.0000e+00  CI=[+0.000e+00,+0.000e+00]
  pos 12 (F13,F14): gamma*=0       dL=+0.0000e+00  CI=[+0.000e+00,+0.000e+00]
  pos 13 (F14,F15): gamma*=0       dL=+0.0000e+00  CI=[+0.000e+00,+0.000e+00]
  pos 14 (F15,F16): gamma*=0       dL=+0.0000e+00  CI=[+0.000e+00,+0.000e+00]
  pos 15 (F16,F17): gamma*=0       dL=+0.0000e+00  CI=[+0.000e+00,+0.000e+00]
  pos 16 (F17,F18): gamma*=0       dL=+0.0000e+00  CI=[+0.000e+00,+0.000e+00]
  pos 17 (F18,F19): gamma*=0       dL=+0.0000e+00  CI=[+0.000e+00,+0.000e+00]
  pos 18 (F19,F20): gamma*=0       dL=+0.0000e+00  CI=[+0.000e+00,+0.000e+00]
  pos 19 (F20,F21): gamma*=0       dL=+0.0000e+00  CI=[+0.000e+00,+0.000e+00]
  pos 20 (F21,F22): gamma*=0       dL=+0.0000e+00  CI=[+0.000e+00,+0.000e+00]
  pos 21 (F22,F23): gamma*=0       dL=+0.0000e+00  CI=[+0.000e+00,+0.000e+00]
  pos 22 (F23,F24): gamma*=0       dL=+0.0000e+00  CI=[+0.000e+00,+0.000e+00]
  pos 23 (F24,F25): gamma*=0       dL=+0.0000e+00  CI=[+0.000e+00,+0.000e+00]
  pos 24 (F25,F26): gamma*=0       dL=+0.0000e+00  CI=[+0.000e+00,+0.000e+00]
  pos 25 (F26,F27): gamma*=0       dL=+0.0000e+00  CI=[+0.000e+00,+0.000e+00]
  pos 26 (F27,F28): gamma*=0       dL=+0.0000e+00  CI=[+0.000e+00,+0.000e+00]
  pos 27 (F28,F29): gamma*=0       dL=+0.0000e+00  CI=[+0.000e+00,+0.000e+00]
  pos 28 (F29,F30): gamma*=0       dL=+0.0000e+00  CI=[+0.000e+00,+0.000e+00]
  pos 29 (F30,F31): gamma*=0       dL=+0.0000e+00  CI=[+0.000e+00,+0.000e+00]
  pos 30 (F31,F32): gamma*=0       dL=+0.0000e+00  CI=[+0.000e+00,+0.000e+00]
  pos 31 (F32,F33): gamma*=0       dL=+0.0000e+00  CI=[+0.000e+00,+0.000e+00]
  pos 32 (F33,F34): gamma*=0       dL=+0.0000e+00  CI=[+0.000e+00,+0.000e+00]
  pos 33 (F34,F35): gamma*=0       dL=+0.0000e+00  CI=[+0.000e+00,+0.000e+00]
  pos 34 (F35,F36): gamma*=0       dL=+0.0000e+00  CI=[+0.000e+00,+0.000e+00]
positive gates: 0/35; best position: None
done in 3534s -> runs/e3_copy_next
`torch_dtype` is deprecated! Use `dtype` instead!
gpt2-large blocks=36 L0_sel=3.033674 pool=/home/georgaki/ot_depth_runs/pools/pool_A.jsonl sha256=3f0e3eb913846bce
exact recovery at gamma=0: True (max|dlogit|=0)
  pos  0 (F1,F2): gamma*=0       dL=+0.0000e+00  CI=[+0.000e+00,+0.000e+00]
  pos  1 (F2,F3): gamma*=0       dL=+0.0000e+00  CI=[+0.000e+00,+0.000e+00]
  pos  2 (F3,F4): gamma*=0       dL=+0.0000e+00  CI=[+0.000e+00,+0.000e+00]
  pos  3 (F4,F5): gamma*=0       dL=+0.0000e+00  CI=[+0.000e+00,+0.000e+00]
  pos  4 (F5,F6): gamma*=0       dL=+0.0000e+00  CI=[+0.000e+00,+0.000e+00]
  pos  5 (F6,F7): gamma*=0       dL=+0.0000e+00  CI=[+0.000e+00,+0.000e+00]
  pos  6 (F7,F8): gamma*=0       dL=+0.0000e+00  CI=[+0.000e+00,+0.000e+00]
  pos  7 (F8,F9): gamma*=0       dL=+0.0000e+00  CI=[+0.000e+00,+0.000e+00]
  pos  8 (F9,F10): gamma*=0       dL=+0.0000e+00  CI=[+0.000e+00,+0.000e+00]
  pos  9 (F10,F11): gamma*=0       dL=+0.0000e+00  CI=[+0.000e+00,+0.000e+00]
  pos 10 (F11,F12): gamma*=0       dL=+0.0000e+00  CI=[+0.000e+00,+0.000e+00]
  pos 11 (F12,F13): gamma*=0       dL=+0.0000e+00  CI=[+0.000e+00,+0.000e+00]
  pos 12 (F13,F14): gamma*=0       dL=+0.0000e+00  CI=[+0.000e+00,+0.000e+00]
  pos 13 (F14,F15): gamma*=0       dL=+0.0000e+00  CI=[+0.000e+00,+0.000e+00]
  pos 14 (F15,F16): gamma*=0       dL=+0.0000e+00  CI=[+0.000e+00,+0.000e+00]
  pos 15 (F16,F17): gamma*=0       dL=+0.0000e+00  CI=[+0.000e+00,+0.000e+00]
  pos 16 (F17,F18): gamma*=0       dL=+0.0000e+00  CI=[+0.000e+00,+0.000e+00]
  pos 17 (F18,F19): gamma*=0       dL=+0.0000e+00  CI=[+0.000e+00,+0.000e+00]
  pos 18 (F19,F20): gamma*=0       dL=+0.0000e+00  CI=[+0.000e+00,+0.000e+00]
  pos 19 (F20,F21): gamma*=0       dL=+0.0000e+00  CI=[+0.000e+00,+0.000e+00]
  pos 20 (F21,F22): gamma*=0       dL=+0.0000e+00  CI=[+0.000e+00,+0.000e+00]
  pos 21 (F22,F23): gamma*=0       dL=+0.0000e+00  CI=[+0.000e+00,+0.000e+00]
  pos 22 (F23,F24): gamma*=0       dL=+0.0000e+00  CI=[+0.000e+00,+0.000e+00]
  pos 23 (F24,F25): gamma*=0       dL=+0.0000e+00  CI=[+0.000e+00,+0.000e+00]
  pos 24 (F25,F26): gamma*=0       dL=+0.0000e+00  CI=[+0.000e+00,+0.000e+00]
  pos 25 (F26,F27): gamma*=0       dL=+0.0000e+00  CI=[+0.000e+00,+0.000e+00]
  pos 26 (F27,F28): gamma*=0       dL=+0.0000e+00  CI=[+0.000e+00,+0.000e+00]
  pos 27 (F28,F29): gamma*=0       dL=+0.0000e+00  CI=[+0.000e+00,+0.000e+00]
  pos 28 (F29,F30): gamma*=0       dL=+0.0000e+00  CI=[+0.000e+00,+0.000e+00]
  pos 29 (F30,F31): gamma*=0       dL=+0.0000e+00  CI=[+0.000e+00,+0.000e+00]
  pos 30 (F31,F32): gamma*=0       dL=+0.0000e+00  CI=[+0.000e+00,+0.000e+00]
  pos 31 (F32,F33): gamma*=0       dL=+0.0000e+00  CI=[+0.000e+00,+0.000e+00]
  pos 32 (F33,F34): gamma*=0       dL=+0.0000e+00  CI=[+0.000e+00,+0.000e+00]
  pos 33 (F34,F35): gamma*=0       dL=+0.0000e+00  CI=[+0.000e+00,+0.000e+00]
  pos 34 (F35,F36): gamma*=0       dL=+0.0000e+00  CI=[+0.000e+00,+0.000e+00]
positive gates: 0/35; best position: None
done in 4162s -> runs/e3_hard_ot
=== E3 DONE ===
